../Core/Src/main.c:76:5:main	16	static
../Core/Src/main.c:125:6:SystemClock_Config	88	static
../Core/Src/main.c:172:13:MX_TIM2_Init	32	static
../Core/Src/main.c:217:13:MX_UART5_Init	8	static
../Core/Src/main.c:248:13:MX_DMA_Init	16	static
../Core/Src/main.c:266:13:MX_GPIO_Init	48	static
../Core/Src/main.c:313:6:HAL_UART_RxCpltCallback	16	static
../Core/Src/main.c:342:6:HAL_GPIO_EXTI_Callback	16	static
../Core/Src/main.c:355:6:HAL_TIM_PeriodElapsedCallback	24	static
../Core/Src/main.c:385:6:Error_Handler	4	static,ignoring_inline_asm
